
> test
> vitest run packages/web/src/test/poll.test.ts -t failed health status|address-family health


 RUN  v4.1.10 /home/agent/projects/cezar/.ai/cezar/worktrees/d6e7f159-f1c6-45f4-87c6-500ec47ab925

 ❯ |web| src/test/poll.test.ts (20 tests | 2 failed | 18 skipped) 11ms
     ↓ returns the first answer that is not undefined, and stops probing
     ↓ treats a throwing probe as "not yet" and keeps polling
     ↓ reports the last probe error alongside the failure, and carries it as the cause
     ↓ says only what failed when the probe never threw — an empty poll is not an error
     ↓ gives up after `tries` probes
     ↓ waits 60 × 250 ms for a fixture server to answer health — 15 s
     ↓ waits 120 × 500 ms for a run to reach a status — 60 s, the budget 6 of the 7 copies used
     ↓ waits 40 × 250 ms by default — 10 s, what pollFor gives a caller that names no budget
     ↓ polls through a rejected fetch until the run reaches a wanted status
     ↓ polls through a 5xx rather than aborting on it
     ↓ names the run, the wanted statuses and the last server answer when it runs out
     ↓ polls until the server answers, and does not report the connection refusals on the way
     ↓ names what never answered, without an ECONNREFUSED tail nobody needs
     ↓ aborts a stuck probe within the wall-clock budget
     ↓ bounds even a probe that ignores its abort signal
     ↓ reports the last observed status, wanted state and URL
     ↓ closes the successful health response socket after accepting headers
     ↓ closes every rejected non-2xx socket across repeated JSON probes
   × reports failed health status 8ms
   × reports nested address-family health transport errors 1ms

⎯⎯⎯⎯⎯⎯⎯ Failed Tests 2 ⎯⎯⎯⎯⎯⎯⎯

 FAIL  |web| src/test/poll.test.ts > reports failed health status
AssertionError: expected [Function] to throw error including 'answered 503' but got 'cezar e2e: history fixture never answ…'

Expected: "answered 503"
Received: "cezar e2e: history fixture never answered at http://localhost:35801"

 ❯ src/test/poll.test.ts:254:104
    252| it('reports failed health status', async () => {
    253|   vi.stubGlobal('fetch', vi.fn().mockResolvedValue({ ok: false, status…
    254|   await expect(waitForHealth('http://localhost:35801', 'history fixtur…
       |                                                                                                        ^
    255|     .rejects.toThrow('answered 503')
    256| })

⎯⎯⎯⎯⎯⎯⎯⎯⎯⎯⎯⎯⎯⎯⎯⎯⎯⎯⎯⎯⎯⎯⎯⎯[1/2]⎯

 FAIL  |web| src/test/poll.test.ts > reports nested address-family health transport errors
AssertionError: expected [Function] to throw error including 'ECONNREFUSED ::1:35801' but got 'cezar e2e: history fixture never answ…'

Expected: "ECONNREFUSED ::1:35801"
Received: "cezar e2e: history fixture never answered at http://localhost:35801"

 ❯ src/test/poll.test.ts:262:104
    260|     cause: new AggregateError([new Error('connect ECONNREFUSED ::1:358…
    261|   })))
    262|   await expect(waitForHealth('http://localhost:35801', 'history fixtur…
       |                                                                                                        ^
    263|     .rejects.toThrow('ECONNREFUSED ::1:35801')
    264| })

⎯⎯⎯⎯⎯⎯⎯⎯⎯⎯⎯⎯⎯⎯⎯⎯⎯⎯⎯⎯⎯⎯⎯⎯[2/2]⎯


 Test Files  1 failed (1)
      Tests  2 failed | 18 skipped (20)
   Start at  15:51:10
   Duration  190ms (transform 44ms, setup 42ms, import 17ms, tests 11ms, environment 0ms)

