✖ a tick stays numeric when its writer is killed between truncation and content write (52.609297ms)
ℹ tests 1
ℹ suites 0
ℹ pass 0
ℹ fail 1
ℹ cancelled 0
ℹ skipped 0
ℹ todo 0
ℹ duration_ms 211.331239

✖ failing tests:

test at packages/cezar/test/e2e/tick-writer.test.ts:1:259
✖ a tick stays numeric when its writer is killed between truncation and content write (52.609297ms)
  AssertionError [ERR_ASSERTION]: last committed tick survives interrupted write
      at TestContext.<anonymous> (/home/agent/projects/cezar/.ai/cezar/worktrees/d6e7f159-f1c6-45f4-87c6-500ec47ab925/packages/cezar/test/e2e/tick-writer.test.ts:38:12)
      at async Test.run (node:internal/test_runner/test:1409:7)
      at async startSubtestAfterBootstrap (node:internal/test_runner/harness:387:3) {
    generatedMessage: false,
    code: 'ERR_ASSERTION',
    actual: '',
    expected: /^\d+$/,
    operator: 'match',
    diff: 'simple'
  }
