
> test
> vitest run packages/web/src/test/agent-browser-wait-value.test.ts -t bounds the CLI probe


 RUN  v4.1.10 /home/agent/projects/cezar/.ai/cezar/worktrees/d6e7f159-f1c6-45f4-87c6-500ec47ab925

 ❯ |web| src/test/agent-browser-wait-value.test.ts (14 tests | 1 failed | 13 skipped) 1657ms
     ↓ returns only after the matcher holds across polls spanning holdMs
     ↓ a predicate that flips inside the hold window fails the wait, not a later expect
     ↓ polls evaluate until the matcher passes and returns that sample
     ↓ without a matcher, waits for a value that is not null, undefined or false
     ↓ a sample that throws in the page is a miss, not a failure
     ↓ a value that never matches fails through the failure bundle, naming the last sample
     ↓ a sample that kept throwing reports the page error instead of a value
     ↓ reads scroll, hit-test and point in one polled expression, then moves the pointer once
     ↓ a target that never paints a hit-testable point fails naming the selector and the bundle
     ↓ focuses the visible predecessor, presses Tab, and waits for focus to land on the target
     ↓ names the element that took focus when the target never receives it
     ↓ a target with no visible predecessor fails after polling, naming the selector
     ↓ presses Escape, then waits for the content to be gone AND focus to have returned
   × bounds the CLI probe and rejects a matching sample arriving after the wait deadline (#764) 1655ms

⎯⎯⎯⎯⎯⎯⎯ Failed Tests 1 ⎯⎯⎯⎯⎯⎯⎯

 FAIL  |web| src/test/agent-browser-wait-value.test.ts > bounds the CLI probe and rejects a matching sample arriving after the wait deadline (#764)
AssertionError: expected function to throw an error, but it didn't
 ❯ src/test/agent-browser-wait-value.test.ts:279:100
    277|   const fake = open([{ delayMs: 1500, value: 'ready' }, 'ready'])
    278|   const started = Date.now()
    279|   expect(() => fake.browser.waitForValue('late()', value => value === …
       |                                                                                                    ^
    280|   expect(Date.now() - started).toBeLessThan(1000)
    281| })

⎯⎯⎯⎯⎯⎯⎯⎯⎯⎯⎯⎯⎯⎯⎯⎯⎯⎯⎯⎯⎯⎯⎯⎯[1/1]⎯


 Test Files  1 failed (1)
      Tests  1 failed | 13 skipped (14)
   Start at  13:50:28
   Duration  1.92s (transform 83ms, setup 63ms, import 48ms, tests 1.66s, environment 0ms)

