
> test
> vitest run packages/web/src/test/poll.test.ts packages/web/src/test/e2e-wait-discipline.test.ts


 RUN  v4.1.10 /home/agent/projects/cezar/.ai/cezar/worktrees/d6e7f159-f1c6-45f4-87c6-500ec47ab925

 ❯ |web| src/test/e2e-wait-discipline.test.ts (27 tests | 3 failed) 1089ms
     ✓ flags an expect on a seam read within two lines of an action with no wait between 3ms
     ✓ accepts a wait between the action and the read, and a read further than two lines away 1ms
     ✓ treats the contrast helpers and every seam interaction as actions 0ms
     ✓ counts a read once even when two actions precede it 1ms
     ✓ flags :hover in a waitForFunction predicate and in a waitForValue expression 0ms
     ✓ leaves a one-shot :hover assertion to the other rules 0ms
     ✓ flags scrollIntoView inside waitForFunction, not inside waitForValue or a plain evaluate 0ms
     ✓ flags a node-side sleep and an in-page sleep 0ms
     ✓ flags a sleep inside a looping waitFor helper too — the name-based exemption is gone (#416) 0ms
     ✓ does not scan the shared poll module, which is where those sleeps now live 238ms
     ✓ flags a write reached through querySelector, directly or through a bound name 0ms
     ✓ leaves theme, density and the spec's own probes and clones alone 0ms
     ✓ only looks at in-page code, not at what the node side does with the result 0ms
     ✓ flags a positional read of a live node list 0ms
     ✓ leaves a spec that never addresses a row by id, and a node-side index, alone 0ms
     ✓ flags Tab, focusWithKeyboard and a read of activeElement after press('Escape') with nothing settling focus between 0ms
     ✓ accepts dismissWithEscape, a wait that names activeElement, and a click that moves focus itself 0ms
     ✓ reads a wait as a span: a predicate naming activeElement on the line after waitForFunction( settles focus 0ms
     ✓ stops looking past the window, so an unrelated later test is not attributed to the Escape 0ms
     ✓ tallies sites by file, rule and site text, sorted 6ms
     ✓ reports a new site as added and a fixed site as stale 0ms
     ✓ never calls kill directly in a fixture spec 5ms
     ✓ scans every spec and the browser-driving helpers 182ms
     ✓ has no wait-discipline site outside the baseline, and the baseline names no site that is gone 281ms
     × rejects clock-only predicates, including multiline and Date clocks 5ms
     × permits state predicates containing timestamps and reject-only event deadlines 4ms
     × includes packaged CLI specs and their helpers in the guard coverage 357ms
 ❯ |web| src/test/poll.test.ts (16 tests | 3 failed) 1341ms
     ✓ returns the first answer that is not undefined, and stops probing 4ms
     ✓ treats a throwing probe as "not yet" and keeps polling 3ms
     ✓ reports the last probe error alongside the failure, and carries it as the cause 6ms
     ✓ says only what failed when the probe never threw — an empty poll is not an error 3ms
     ✓ gives up after `tries` probes 5ms
     ✓ waits 60 × 250 ms for a fixture server to answer health — 15 s 66ms
     ✓ waits 120 × 500 ms for a run to reach a status — 60 s, the budget 6 of the 7 copies used 132ms
     ✓ waits 40 × 250 ms by default — 10 s, what pollFor gives a caller that names no budget 45ms
     ✓ polls through a rejected fetch until the run reaches a wanted status 6ms
     ✓ polls through a 5xx rather than aborting on it 3ms
     ✓ names the run, the wanted statuses and the last server answer when it runs out 3ms
     ✓ polls until the server answers, and does not report the connection refusals on the way 3ms
     ✓ names what never answered, without an ECONNREFUSED tail nobody needs 3ms
     × aborts a stuck probe within the wall-clock budget 51ms
     × bounds even a probe that ignores its abort signal 1002ms
     × reports the last observed status, wanted state and URL 5ms

⎯⎯⎯⎯⎯⎯⎯ Failed Tests 6 ⎯⎯⎯⎯⎯⎯⎯

 FAIL  |web| src/test/e2e-wait-discipline.test.ts > observable waits (#764) > rejects clock-only predicates, including multiline and Date clocks
AssertionError: expected [] to include 'clock-only-wait'
 ❯ src/test/e2e-wait-discipline.test.ts:366:90
    364|   it('rejects clock-only predicates, including multiline and Date cloc…
    365|     for (const predicate of ['performance.now() - window.__mark > 400'…
    366|       expect(rules(scanSource('x.ts', `browser.waitForFunction(\n  '${…
       |                                                                                          ^
    367|     }
    368|     expect(rules(scanSource('x.ts', `browser.waitForValue('performance…

⎯⎯⎯⎯⎯⎯⎯⎯⎯⎯⎯⎯⎯⎯⎯⎯⎯⎯⎯⎯⎯⎯⎯⎯[1/6]⎯

 FAIL  |web| src/test/e2e-wait-discipline.test.ts > observable waits (#764) > permits state predicates containing timestamps and reject-only event deadlines
AssertionError: expected [ { rule: 'sleep', …(3) } ] to deeply equal []

- Expected
+ Received

- []
+ [
+   {
+     "file": "x.ts",
+     "line": 1,
+     "rule": "sleep",
+     "site": "const timeout = setTimeout(() => { observer.disconnect(); reject(new Error('event missing')); }, 5000)",
+   },
+ ]

 ❯ src/test/e2e-wait-discipline.test.ts:372:138
    370|   it('permits state predicates containing timestamps and reject-only e…
    371|     expect(scanSource('x.ts', `browser.waitForFunction('document.query…
    372|     expect(scanSource('x.ts', `const timeout = setTimeout(() => { obse…
       |                                                                                                                                          ^
    373|     expect(rules(scanSource('x.ts', `setTimeout(() => { resolve('ready…
    374|   })

⎯⎯⎯⎯⎯⎯⎯⎯⎯⎯⎯⎯⎯⎯⎯⎯⎯⎯⎯⎯⎯⎯⎯⎯[2/6]⎯

 FAIL  |web| src/test/e2e-wait-discipline.test.ts > observable waits (#764) > includes packaged CLI specs and their helpers in the guard coverage
AssertionError: expected false to be true // Object.is equality

- Expected
+ Received

- true
+ false

 ❯ src/test/e2e-wait-discipline.test.ts:376:82
    374|   })
    375|   it('includes packaged CLI specs and their helpers in the guard cover…
    376|     expect(scanSuite().some(s => s.file.startsWith('packages/cezar/tes…
       |                                                                                  ^
    377|   })
    378| })

⎯⎯⎯⎯⎯⎯⎯⎯⎯⎯⎯⎯⎯⎯⎯⎯⎯⎯⎯⎯⎯⎯⎯⎯[3/6]⎯

 FAIL  |web| src/test/poll.test.ts > wall-clock and request bounds (#764) > aborts a stuck probe within the wall-clock budget
AssertionError: expected false to be true // Object.is equality

- Expected
+ Received

- true
+ false

 ❯ src/test/poll.test.ts:183:21
    181|       signal.addEventListener('abort', () => { aborted = true; reject(…
    182|     }), () => 'stuck', { timeoutMs: 40, requestTimeoutMs: 15, interval…
    183|     expect(aborted).toBe(true)
       |                     ^
    184|     expect(performance.now() - started).toBeLessThan(500)
    185|   })

⎯⎯⎯⎯⎯⎯⎯⎯⎯⎯⎯⎯⎯⎯⎯⎯⎯⎯⎯⎯⎯⎯⎯⎯[4/6]⎯

 FAIL  |web| src/test/poll.test.ts > wall-clock and request bounds (#764) > bounds even a probe that ignores its abort signal
Error: Test timed out in 1000ms.
If this is a long-running test, pass a timeout value as the last argument or configure it globally with "testTimeout".
 ❯ src/test/poll.test.ts:187:3
    185|   })
    186|
    187|   it('bounds even a probe that ignores its abort signal', async () => {
       |   ^
    188|     await expect(pollFor(() => new Promise(() => {}), () => 'ignored a…
    189|       timeoutMs: 30, requestTimeoutMs: 10, intervalMs: 0,

⎯⎯⎯⎯⎯⎯⎯⎯⎯⎯⎯⎯⎯⎯⎯⎯⎯⎯⎯⎯⎯⎯⎯⎯[5/6]⎯

 FAIL  |web| src/test/poll.test.ts > wall-clock and request bounds (#764) > reports the last observed status, wanted state and URL
AssertionError: expected [Function] to throw error including 'last state: waiting' but got 'cezar e2e: run r never reached status…'

Expected: "last state: waiting"
Received: "cezar e2e: run r never reached status "done""

 ❯ src/test/poll.test.ts:195:98
    193|   it('reports the last observed status, wanted state and URL', async (…
    194|     vi.stubGlobal('fetch', () => Promise.resolve(new Response(JSON.str…
    195|     await expect(waitForStatus('http://localhost:1', 'r', ['done'], { …
       |                                                                                                  ^
    196|       .rejects.toThrow('last state: waiting')
    197|   })

⎯⎯⎯⎯⎯⎯⎯⎯⎯⎯⎯⎯⎯⎯⎯⎯⎯⎯⎯⎯⎯⎯⎯⎯[6/6]⎯


 Test Files  2 failed (2)
      Tests  6 failed | 37 passed (43)
   Start at  13:43:07
   Duration  1.54s (transform 116ms, setup 94ms, import 54ms, tests 2.43s, environment 0ms)

