
> test
> vitest run packages/web/src/test/poll.test.ts packages/web/src/test/agent-browser-wait-value.test.ts packages/web/src/test/e2e-wait-discipline.test.ts -t wall-clock and request bounds|observable waits|scans a new packaged helper|rejects qualified page timers|bounds the CLI probe


 RUN  v4.1.10 /home/agent/projects/cezar/.ai/cezar/worktrees/d6e7f159-f1c6-45f4-87c6-500ec47ab925

 ❯ |web| src/test/e2e-wait-discipline.test.ts (29 tests | 5 failed | 24 skipped) 17ms
     ↓ flags an expect on a seam read within two lines of an action with no wait between
     ↓ accepts a wait between the action and the read, and a read further than two lines away
     ↓ treats the contrast helpers and every seam interaction as actions
     ↓ counts a read once even when two actions precede it
     ↓ flags :hover in a waitForFunction predicate and in a waitForValue expression
     ↓ leaves a one-shot :hover assertion to the other rules
     ↓ flags scrollIntoView inside waitForFunction, not inside waitForValue or a plain evaluate
     ↓ flags a node-side sleep and an in-page sleep
     ↓ flags a sleep inside a looping waitFor helper too — the name-based exemption is gone (#416)
     ↓ does not scan the shared poll module, which is where those sleeps now live
     ↓ flags a write reached through querySelector, directly or through a bound name
     ↓ leaves theme, density and the spec's own probes and clones alone
     ↓ only looks at in-page code, not at what the node side does with the result
     ↓ flags a positional read of a live node list
     ↓ leaves a spec that never addresses a row by id, and a node-side index, alone
     ↓ flags Tab, focusWithKeyboard and a read of activeElement after press('Escape') with nothing settling focus between
     ↓ accepts dismissWithEscape, a wait that names activeElement, and a click that moves focus itself
     ↓ reads a wait as a span: a predicate naming activeElement on the line after waitForFunction( settles focus
     ↓ stops looking past the window, so an unrelated later test is not attributed to the Escape
     ↓ tallies sites by file, rule and site text, sorted
     ↓ reports a new site as added and a fixed site as stale
     ↓ never calls kill directly in a fixture spec
     ↓ scans every spec and the browser-driving helpers
     ↓ has no wait-discipline site outside the baseline, and the baseline names no site that is gone
     × rejects clock-only predicates, including multiline and Date clocks 6ms
     × permits state predicates containing timestamps and reject-only event deadlines 4ms
     × includes packaged CLI specs and their helpers in the guard coverage 3ms
   × scans a new packaged helper for clock waits and observation delays 1ms
   × rejects qualified page timers but permits request socket deadlines 1ms
 ❯ |web| src/test/poll.test.ts (16 tests | 3 failed | 13 skipped) 1062ms
     ↓ returns the first answer that is not undefined, and stops probing
     ↓ treats a throwing probe as "not yet" and keeps polling
     ↓ reports the last probe error alongside the failure, and carries it as the cause
     ↓ says only what failed when the probe never threw — an empty poll is not an error
     ↓ gives up after `tries` probes
     ↓ waits 60 × 250 ms for a fixture server to answer health — 15 s
     ↓ waits 120 × 500 ms for a run to reach a status — 60 s, the budget 6 of the 7 copies used
     ↓ waits 40 × 250 ms by default — 10 s, what pollFor gives a caller that names no budget
     ↓ polls through a rejected fetch until the run reaches a wanted status
     ↓ polls through a 5xx rather than aborting on it
     ↓ names the run, the wanted statuses and the last server answer when it runs out
     ↓ polls until the server answers, and does not report the connection refusals on the way
     ↓ names what never answered, without an ECONNREFUSED tail nobody needs
     × aborts a stuck probe within the wall-clock budget 52ms
     × bounds even a probe that ignores its abort signal 1002ms
     × reports the last observed status, wanted state and URL 6ms
 ❯ |web| src/test/agent-browser-wait-value.test.ts (14 tests | 1 failed | 13 skipped) 1604ms
     ↓ returns only after the matcher holds across polls spanning holdMs
     ↓ a predicate that flips inside the hold window fails the wait, not a later expect
     ↓ polls evaluate until the matcher passes and returns that sample
     ↓ without a matcher, waits for a value that is not null, undefined or false
     ↓ a sample that throws in the page is a miss, not a failure
     ↓ a value that never matches fails through the failure bundle, naming the last sample
     ↓ a sample that kept throwing reports the page error instead of a value
     ↓ reads scroll, hit-test and point in one polled expression, then moves the pointer once
     ↓ a target that never paints a hit-testable point fails naming the selector and the bundle
     ↓ focuses the visible predecessor, presses Tab, and waits for focus to land on the target
     ↓ names the element that took focus when the target never receives it
     ↓ a target with no visible predecessor fails after polling, naming the selector
     ↓ presses Escape, then waits for the content to be gone AND focus to have returned
   × bounds the CLI probe and rejects a matching sample arriving after the wait deadline (#764) 1602ms

⎯⎯⎯⎯⎯⎯⎯ Failed Tests 9 ⎯⎯⎯⎯⎯⎯⎯

 FAIL  |web| src/test/agent-browser-wait-value.test.ts > bounds the CLI probe and rejects a matching sample arriving after the wait deadline (#764)
AssertionError: expected function to throw an error, but it didn't
 ❯ src/test/agent-browser-wait-value.test.ts:279:100
    277|   const fake = open([{ delayMs: 1500, value: 'ready' }, 'ready'])
    278|   const started = Date.now()
    279|   expect(() => fake.browser.waitForValue('late()', value => value === …
       |                                                                                                    ^
    280|   expect(Date.now() - started).toBeLessThan(1000)
    281| })

⎯⎯⎯⎯⎯⎯⎯⎯⎯⎯⎯⎯⎯⎯⎯⎯⎯⎯⎯⎯⎯⎯⎯⎯[1/9]⎯

 FAIL  |web| src/test/e2e-wait-discipline.test.ts > observable waits (#764) > rejects clock-only predicates, including multiline and Date clocks
AssertionError: expected [] to include 'clock-only-wait'
 ❯ src/test/e2e-wait-discipline.test.ts:367:90
    365|   it('rejects clock-only predicates, including multiline and Date cloc…
    366|     for (const predicate of ['performance.now() - window.__mark > 400'…
    367|       expect(rules(scanSource('x.ts', `browser.waitForFunction(\n  '${…
       |                                                                                          ^
    368|     }
    369|     expect(rules(scanSource('x.ts', `browser.waitForValue('performance…

⎯⎯⎯⎯⎯⎯⎯⎯⎯⎯⎯⎯⎯⎯⎯⎯⎯⎯⎯⎯⎯⎯⎯⎯[2/9]⎯

 FAIL  |web| src/test/e2e-wait-discipline.test.ts > observable waits (#764) > permits state predicates containing timestamps and reject-only event deadlines
AssertionError: expected [ { rule: 'sleep', …(3) } ] to deeply equal []

- Expected
+ Received

- []
+ [
+   {
+     "file": "x.ts",
+     "line": 1,
+     "rule": "sleep",
+     "site": "const timeout = setTimeout(() => { observer.disconnect(); reject(new Error('event missing')); }, 5000)",
+   },
+ ]

 ❯ src/test/e2e-wait-discipline.test.ts:373:138
    371|   it('permits state predicates containing timestamps and reject-only e…
    372|     expect(scanSource('x.ts', `browser.waitForFunction('document.query…
    373|     expect(scanSource('x.ts', `const timeout = setTimeout(() => { obse…
       |                                                                                                                                          ^
    374|     expect(rules(scanSource('x.ts', `setTimeout(() => { resolve('ready…
    375|   })

⎯⎯⎯⎯⎯⎯⎯⎯⎯⎯⎯⎯⎯⎯⎯⎯⎯⎯⎯⎯⎯⎯⎯⎯[3/9]⎯

 FAIL  |web| src/test/e2e-wait-discipline.test.ts > observable waits (#764) > includes packaged CLI specs and their helpers in the guard coverage
AssertionError: expected [ { rule: 'sleep', …(3) }, …(9) ] to deeply equal []

- Expected
+ Received

- []
+ [
+   {
+     "file": "packages/cezar/test/e2e/application-update.test.ts",
+     "line": 38,
+     "rule": "sleep",
+     "site": "request.setTimeout(1000, () => request.destroy(new Error('local fixture request timed out')));",
+   },
+   {
+     "file": "packages/cezar/test/e2e/application-update.test.ts",
+     "line": 54,
+     "rule": "sleep",
+     "site": "await new Promise(resolve => setTimeout(resolve, 150));",
+   },
+   {
+     "file": "packages/cezar/test/e2e/application-update.test.ts",
+     "line": 181,
+     "rule": "sleep",
+     "site": "res.once('finish', () => setTimeout(() => server.close(() => process.exit(0)), 50));",
+   },
+   {
+     "file": "packages/cezar/test/e2e/application-update.test.ts",
+     "line": 393,
+     "rule": "sleep",
+     "site": "for (let i = 0; i < 100 && !(await health()); i++) await new Promise((resolve) => setTimeout(resolve, 50));",
+   },
+   {
+     "file": "packages/cezar/test/e2e/application-update.test.ts",
+     "line": 435,
+     "rule": "sleep",
+     "site": "while (!release) await new Promise((resolve) => setTimeout(resolve, 5));",
+   },
+   {
+     "file": "packages/cezar/test/e2e/application-update.test.ts",
+     "line": 578,
+     "rule": "sleep",
+     "site": "const timer = setTimeout(() => reject(new Error('built CLI did not acknowledge listener')), 20_000);",
+   },
+   {
+     "file": "packages/cezar/test/e2e/application-update.test.ts",
+     "line": 627,
+     "rule": "sleep",
+     "site": "await new Promise((resolve) => setTimeout(resolve, 100));",
+   },
+   {
+     "file": "packages/cezar/test/e2e/application-update.test.ts",
+     "line": 634,
+     "rule": "sleep",
+     "site": "await new Promise((resolve) => setTimeout(resolve, 100));",
+   },
+   {
+     "file": "packages/cezar/test/e2e/application-update.test.ts",
+     "line": 735,
+     "rule": "sleep",
+     "site": "await new Promise(resolve => setTimeout(resolve, 20));",
+   },
+   {
+     "file": "packages/cezar/test/e2e/application-update.test.ts",
+     "line": 838,
+     "rule": "sleep",
+     "site": "await new Promise(resolve => setTimeout(resolve, 20));",
+   },
+ ]

 ❯ src/test/e2e-wait-discipline.test.ts:378:118
    376|   it('includes packaged CLI specs and their helpers in the guard cover…
    377|     const source = readFileSync(join(e2eDir, '../../cezar/test/e2e/app…
    378|     expect(scanSource('packages/cezar/test/e2e/application-update.test…
       |                                                                                                                      ^
    379|   })
    380| })

⎯⎯⎯⎯⎯⎯⎯⎯⎯⎯⎯⎯⎯⎯⎯⎯⎯⎯⎯⎯⎯⎯⎯⎯[4/9]⎯

 FAIL  |web| src/test/e2e-wait-discipline.test.ts > scans a new packaged helper for clock waits and observation delays
AssertionError: expected [] to deeply equal [ 'clock-only-wait', 'sleep' ]

- Expected
+ Received

- [
-   "clock-only-wait",
-   "sleep",
- ]
+ []

 ❯ src/test/e2e-wait-discipline.test.ts:388:52
    386|     mkdirSync(web); mkdirSync(packaged)
    387|     writeFileSync(join(packaged, 'helper.ts'), `await new Promise(r =>…
    388|     expect(rules(scanSuite(web, packaged)).sort()).toEqual(['clock-onl…
       |                                                    ^
    389|   } finally { rmSync(root, { recursive: true, force: true }) }
    390| })

⎯⎯⎯⎯⎯⎯⎯⎯⎯⎯⎯⎯⎯⎯⎯⎯⎯⎯⎯⎯⎯⎯⎯⎯[5/9]⎯

 FAIL  |web| src/test/e2e-wait-discipline.test.ts > rejects qualified page timers but permits request socket deadlines
AssertionError: expected [ { rule: 'sleep', …(3) } ] to deeply equal []

- Expected
+ Received

- []
+ [
+   {
+     "file": "x.ts",
+     "line": 1,
+     "rule": "sleep",
+     "site": "request.setTimeout(1000, () => request.destroy(new Error('deadline')))",
+   },
+ ]

 ❯ src/test/e2e-wait-discipline.test.ts:395:104
    393|   expect(rules(scanSource('x.ts', `browser.evaluate('new Promise(r => …
    394|   expect(rules(scanSource('x.ts', `globalThis.setTimeout(done, 200)`))…
    395|   expect(scanSource('x.ts', `request.setTimeout(1000, () => request.de…
       |                                                                                                        ^
    396| })
    397|

⎯⎯⎯⎯⎯⎯⎯⎯⎯⎯⎯⎯⎯⎯⎯⎯⎯⎯⎯⎯⎯⎯⎯⎯[6/9]⎯

 FAIL  |web| src/test/poll.test.ts > wall-clock and request bounds (#764) > aborts a stuck probe within the wall-clock budget
AssertionError: expected false to be true // Object.is equality

- Expected
+ Received

- true
+ false

 ❯ src/test/poll.test.ts:183:21
    181|       signal.addEventListener('abort', () => { aborted = true; reject(…
    182|     }), () => 'stuck', { timeoutMs: 40, requestTimeoutMs: 15, interval…
    183|     expect(aborted).toBe(true)
       |                     ^
    184|     expect(performance.now() - started).toBeLessThan(500)
    185|   })

⎯⎯⎯⎯⎯⎯⎯⎯⎯⎯⎯⎯⎯⎯⎯⎯⎯⎯⎯⎯⎯⎯⎯⎯[7/9]⎯

 FAIL  |web| src/test/poll.test.ts > wall-clock and request bounds (#764) > bounds even a probe that ignores its abort signal
Error: Test timed out in 1000ms.
If this is a long-running test, pass a timeout value as the last argument or configure it globally with "testTimeout".
 ❯ src/test/poll.test.ts:187:3
    185|   })
    186|
    187|   it('bounds even a probe that ignores its abort signal', async () => {
       |   ^
    188|     await expect(pollFor(() => new Promise(() => {}), () => 'ignored a…
    189|       timeoutMs: 30, requestTimeoutMs: 10, intervalMs: 0,

⎯⎯⎯⎯⎯⎯⎯⎯⎯⎯⎯⎯⎯⎯⎯⎯⎯⎯⎯⎯⎯⎯⎯⎯[8/9]⎯

 FAIL  |web| src/test/poll.test.ts > wall-clock and request bounds (#764) > reports the last observed status, wanted state and URL
AssertionError: expected [Function] to throw error including 'last state: waiting' but got 'cezar e2e: run r never reached status…'

Expected: "last state: waiting"
Received: "cezar e2e: run r never reached status "done""

 ❯ src/test/poll.test.ts:195:98
    193|   it('reports the last observed status, wanted state and URL', async (…
    194|     vi.stubGlobal('fetch', () => Promise.resolve(new Response(JSON.str…
    195|     await expect(waitForStatus('http://localhost:1', 'r', ['done'], { …
       |                                                                                                  ^
    196|       .rejects.toThrow('last state: waiting')
    197|   })

⎯⎯⎯⎯⎯⎯⎯⎯⎯⎯⎯⎯⎯⎯⎯⎯⎯⎯⎯⎯⎯⎯⎯⎯[9/9]⎯


 Test Files  3 failed (3)
      Tests  9 failed | 50 skipped (59)
   Start at  14:07:43
   Duration  1.83s (transform 205ms, setup 105ms, import 152ms, tests 2.68s, environment 0ms)

