
> test
> vitest run --config packages/web/e2e/vitest.config.ts plan-mode.e2e.ts task-views-layout.e2e.ts skills-update.e2e.ts github-states.e2e.ts github-pr-review.e2e.ts


 RUN  v4.1.10 /home/agent/projects/cezar/.ai/cezar/worktrees/d6e7f159-f1c6-45f4-87c6-500ec47ab925/packages/web/e2e

Preparing worktree (new branch 'cez/fixture-A')
Preparing worktree (new branch 'cez/fixture-B')
 ❯ |e2e| task-views-layout.e2e.ts (4 tests | 1 failed) 39049ms
   × renders assigned task flows at 1440 Wide, 402 and 360 in both themes without page overflow 25891ms
stderr | github-states.e2e.ts > renders GitHub 'loading' in 'light' without losing navigation
cezar e2e: failure bundle for "renders GitHub 'loading' in 'light' without losing navigation" at /home/agent/projects/cezar/.ai/cezar/worktrees/d6e7f159-f1c6-45f4-87c6-500ec47ab925/.ai/qa/failures/github-states/renders-GitHub-loading-in-light-without-losing-navigation-2

 ❯ |e2e| github-states.e2e.ts (6 tests | 1 failed) 53077ms
   × renders GitHub 'loading' in 'light' without losing navigation 26034ms

⎯⎯⎯⎯⎯⎯⎯ Failed Tests 2 ⎯⎯⎯⎯⎯⎯⎯

 FAIL  |e2e| github-states.e2e.ts > renders GitHub 'loading' in 'light' without losing navigation
WaitForValueError: cezar e2e: value never stayed stable: (() => {
    const root = document.documentElement, target = document.querySelector("[data-route=\"github\"]");
    if (!target || document.fonts?.status !== 'loaded') return null;
    if ("light" && root.classList.contains('light') !== ("light" === 'light')) return null;
    if ("wide" && root.dataset.width !== "wide") return null;
    if (false && window.__cezIdle !== true) return null;
    const elements = [target, ...target.querySelectorAll('*')];
    for (let el = target.parentElement; el; el = el.parentElement) elements.push(el);
    if (elements.some(el => el.getAnimations().some(a => a.playState === 'running' && a.effect?.getComputedTiming().iterations !== Infinity))) return null;
    const rect = el => { const r = el.getBoundingClientRect(); return [r.x, r.y, r.width, r.height]; };
    const box = target.getBoundingClientRect();
    if (!box.width || !box.height) return null;
    return { boxes: elements.map(rect), text: target.textContent, scrollWidth: root.scrollWidth, viewport: innerWidth };
  })() (last value: {"boxes":[[0,57,402,708],[0,57,402,708],[24,333,354,156],[165,333,72,72],[181.22213745117188,349.2221374511719,39.55572509765625,39.55572509765625],[186.1662139892578,354.1669616699219,29.666793823242188,29.666778564453125],[99.078125,421,203.84375,32],[63.609375,469,274.78125,20],[0,57,402,788],[0,0,402,900],[0,0,402,900],[0,0,402,900],[0,0,402,900],[0,0,402,900]],"scrollWidth":402,"text":"Loadin…) (failure bundle: /home/agent/projects/cezar/.ai/cezar/worktrees/d6e7f159-f1c6-45f4-87c6-500ec47ab925/.ai/qa/failures/github-states/renders-GitHub-loading-in-light-without-losing-navigation-1)
 ❯ AgentBrowser.waitForStable agent-browser.ts:611:11
    609|     const last = lastError !== undefined ? `last error: ${describeErro…
    610|     const headline = failure ?? (holdMs > 0 ? 'value never stayed stab…
    611|     throw new WaitForValueError(
       |           ^
    612|       `cezar e2e: ${headline}: ${js} (${last}) (failure bundle: ${bund…
    613|       js,
 ❯ settleVisual visual-ready.ts:24:11
 ❯ github-states.e2e.ts:56:5

⎯⎯⎯⎯⎯⎯⎯⎯⎯⎯⎯⎯⎯⎯⎯⎯⎯⎯⎯⎯⎯⎯⎯⎯[1/2]⎯

 FAIL  |e2e| task-views-layout.e2e.ts > renders assigned task flows at 1440 Wide, 402 and 360 in both themes without page overflow
WaitForValueError: cezar e2e: value never stayed stable: (() => {
    const root = document.documentElement, target = document.querySelector("[data-slot=\"tasks-table\"]");
    if (!target || document.fonts?.status !== 'loaded') return null;
    if ("light" && root.classList.contains('light') !== ("light" === 'light')) return null;
    if ("wide" && root.dataset.width !== "wide") return null;
    if (true && window.__cezIdle !== true) return null;
    const elements = [target, ...target.querySelectorAll('*')];
    for (let el = target.parentElement; el; el = el.parentElement) elements.push(el);
    if (elements.some(el => el.getAnimations().some(a => a.playState === 'running' && a.effect?.getComputedTiming().iterations !== Infinity))) return null;
    const rect = el => { const r = el.getBoundingClientRect(); return [r.x, r.y, r.width, r.height]; };
    const box = target.getBoundingClientRect();
    if (!box.width || !box.height) return null;
    return { boxes: elements.map(rect), text: target.textContent, scrollWidth: root.scrollWidth, viewport: innerWidth };
  })() (last value: null) (failure bundle: /home/agent/projects/cezar/.ai/cezar/worktrees/d6e7f159-f1c6-45f4-87c6-500ec47ab925/.ai/qa/failures/task-views-layout/renders-assigned-task-flows-at-1440-Wide-402-and-360-in-both-themes-without-page-1)
 ❯ AgentBrowser.waitForStable agent-browser.ts:611:11
    609|     const last = lastError !== undefined ? `last error: ${describeErro…
    610|     const headline = failure ?? (holdMs > 0 ? 'value never stayed stab…
    611|     throw new WaitForValueError(
       |           ^
    612|       `cezar e2e: ${headline}: ${js} (${last}) (failure bundle: ${bund…
    613|       js,
 ❯ settleVisual visual-ready.ts:24:11
 ❯ task-views-layout.e2e.ts:63:5

⎯⎯⎯⎯⎯⎯⎯⎯⎯⎯⎯⎯⎯⎯⎯⎯⎯⎯⎯⎯⎯⎯⎯⎯[2/2]⎯


 Test Files  2 failed | 3 passed (5)
      Tests  2 failed | 31 passed (33)
   Start at  13:56:16
   Duration  193.19s (transform 98ms, setup 99ms, import 94ms, tests 192.36s, environment 0ms)

