
> test
> vitest run --config packages/web/e2e/vitest.config.ts progressive-history.e2e.ts -t consumes one upward intent


 RUN  v4.1.10 /home/agent/projects/cezar/.ai/cezar/worktrees/d6e7f159-f1c6-45f4-87c6-500ec47ab925/packages/web/e2e

stderr | progressive-history.e2e.ts > progressive long-session history > consumes one upward intent without cascading while the boundary remains near
cezar e2e: failure bundle for "consumes one upward intent without cascading while the boundary remains near" at /home/agent/projects/cezar/.ai/cezar/worktrees/d6e7f159-f1c6-45f4-87c6-500ec47ab925/.ai/qa/failures/progressive-history/consumes-one-upward-intent-without-cascading-while-the-boundary-remains-near-2

 ❯ |e2e| progressive-history.e2e.ts (7 tests | 1 failed | 6 skipped) 5420ms
     × consumes one upward intent without cascading while the boundary remains near 2618ms

⎯⎯⎯⎯⎯⎯⎯ Failed Tests 1 ⎯⎯⎯⎯⎯⎯⎯

 FAIL  |e2e| progressive-history.e2e.ts > progressive long-session history > consumes one upward intent without cascading while the boundary remains near
AssertionError: expected 3 to be 2 // Object.is equality

- Expected
+ Received

- 2
+ 3

 ❯ progressive-history.e2e.ts:363:58
    361|     const cycle = browser.waitForStable(`window.__historyCycle`, { hol…
    362|     expect(cycle).toEqual({ started: 1, completed: 1, pending: 0 })
    363|     expect(Number(browser.evaluate(cursorRequestCount))).toBe(2)
       |                                                          ^
    364|   })
    365|

⎯⎯⎯⎯⎯⎯⎯⎯⎯⎯⎯⎯⎯⎯⎯⎯⎯⎯⎯⎯⎯⎯⎯⎯[1/1]⎯


 Test Files  1 failed (1)
      Tests  1 failed | 6 skipped (7)
   Start at  13:53:47
   Duration  5.68s (transform 51ms, setup 40ms, import 40ms, tests 5.42s, environment 0ms)

