
> test
> vitest run --run packages/web/src/test/agent-browser-wait-value.test.ts packages/web/src/test/visual-ready.test.ts packages/web/src/test/e2e-wait-discipline.test.ts


 RUN  v4.1.10 /home/agent/projects/cezar/.ai/cezar/worktrees/d6e7f159-f1c6-45f4-87c6-500ec47ab925

 ✓ |web| src/test/visual-ready.test.ts (3 tests) 25ms
 ✓ |web| src/test/e2e-wait-discipline.test.ts (31 tests) 896ms
     ✓ has no wait-discipline site outside the baseline, and the baseline names no site that is gone  389ms
 ✓ |web| src/test/agent-browser-wait-value.test.ts (18 tests) 6814ms
     ✓ returns only after the matcher holds across polls spanning holdMs  347ms
     ✓ a predicate that flips inside the hold window fails the wait, not a later expect  613ms
     ✓ polls evaluate until the matcher passes and returns that sample  420ms
     ✓ without a matcher, waits for a value that is not null, undefined or false  415ms
     ✓ a value that never matches fails through the failure bundle, naming the last sample  632ms
     ✓ a sample that kept throwing reports the page error instead of a value  633ms
     ✓ reads scroll, hit-test and point in one polled expression, then moves the pointer once  500ms
     ✓ a target that never paints a hit-testable point fails naming the selector and the bundle  644ms
     ✓ focuses the visible predecessor, presses Tab, and waits for focus to land on the target  326ms
     ✓ names the element that took focus when the target never receives it  709ms
     ✓ a target with no visible predecessor fails after polling, naming the selector  595ms
   ✓ bounds the CLI probe and rejects a matching sample arriving after the wait deadline (#764)  312ms

 Test Files  3 passed (3)
      Tests  52 passed (52)
   Start at  18:02:03
   Duration  7.05s (transform 164ms, setup 104ms, import 113ms, tests 7.74s, environment 535ms)

