
> test
> vitest run packages/web/src/test/agent-browser-wait-value.test.ts packages/web/src/test/agent-browser-interact.test.ts packages/web/src/test/agent-browser-failure.test.ts packages/web/src/test/poll.test.ts packages/web/src/test/visual-ready.test.ts packages/web/src/test/e2e-wait-discipline.test.ts


 RUN  v4.1.10 /home/agent/projects/cezar/.ai/cezar/worktrees/d6e7f159-f1c6-45f4-87c6-500ec47ab925

 ✓ |web| src/test/poll.test.ts (18 tests) 421ms
 ✓ |web| src/test/visual-ready.test.ts (3 tests) 25ms
 ✓ |web| src/test/agent-browser-interact.test.ts (5 tests) 739ms
 ✓ |web| src/test/e2e-wait-discipline.test.ts (30 tests) 841ms
     ✓ has no wait-discipline site outside the baseline, and the baseline names no site that is gone  372ms
 ✓ |web| src/test/agent-browser-failure.test.ts (10 tests) 2386ms
     ✓ a timed-out click target captures screenshot, snapshot and probe, then names the bundle  301ms
     ✓ a second capture in the same test gets the next bundle number  480ms
 ✓ |web| src/test/agent-browser-wait-value.test.ts (14 tests) 6542ms
     ✓ a predicate that flips inside the hold window fails the wait, not a later expect  616ms
     ✓ polls evaluate until the matcher passes and returns that sample  410ms
     ✓ without a matcher, waits for a value that is not null, undefined or false  411ms
     ✓ a value that never matches fails through the failure bundle, naming the last sample  613ms
     ✓ a sample that kept throwing reports the page error instead of a value  612ms
     ✓ reads scroll, hit-test and point in one polled expression, then moves the pointer once  515ms
     ✓ a target that never paints a hit-testable point fails naming the selector and the bundle  669ms
     ✓ focuses the visible predecessor, presses Tab, and waits for focus to land on the target  370ms
     ✓ names the element that took focus when the target never receives it  724ms
     ✓ a target with no visible predecessor fails after polling, naming the selector  619ms
   ✓ bounds the CLI probe and rejects a matching sample arriving after the wait deadline (#764)  327ms

 Test Files  6 passed (6)
      Tests  80 passed (80)
   Start at  14:21:17
   Duration  6.81s (transform 388ms, setup 211ms, import 336ms, tests 10.95s, environment 576ms)

