
> test
> vitest run packages/web/src/test/agent-browser-wait-value.test.ts packages/web/src/test/agent-browser-interact.test.ts packages/web/src/test/agent-browser-failure.test.ts packages/web/src/test/poll.test.ts packages/web/src/test/visual-ready.test.ts packages/web/src/test/e2e-wait-discipline.test.ts


 RUN  v4.1.10 /home/agent/projects/cezar/.ai/cezar/worktrees/d6e7f159-f1c6-45f4-87c6-500ec47ab925

 ✓ |web| src/test/poll.test.ts (16 tests) 349ms
 ✓ |web| src/test/visual-ready.test.ts (3 tests) 25ms
 ✓ |web| src/test/e2e-wait-discipline.test.ts (29 tests) 717ms
 ✓ |web| src/test/agent-browser-interact.test.ts (5 tests) 737ms
 ✓ |web| src/test/agent-browser-failure.test.ts (10 tests) 2449ms
     ✓ a second capture in the same test gets the next bundle number  480ms
 ✓ |web| src/test/agent-browser-wait-value.test.ts (14 tests) 6556ms
     ✓ a predicate that flips inside the hold window fails the wait, not a later expect  618ms
     ✓ polls evaluate until the matcher passes and returns that sample  420ms
     ✓ without a matcher, waits for a value that is not null, undefined or false  435ms
     ✓ a value that never matches fails through the failure bundle, naming the last sample  613ms
     ✓ a sample that kept throwing reports the page error instead of a value  610ms
     ✓ reads scroll, hit-test and point in one polled expression, then moves the pointer once  509ms
     ✓ a target that never paints a hit-testable point fails naming the selector and the bundle  645ms
     ✓ focuses the visible predecessor, presses Tab, and waits for focus to land on the target  369ms
     ✓ names the element that took focus when the target never receives it  722ms
     ✓ a target with no visible predecessor fails after polling, naming the selector  622ms
   ✓ bounds the CLI probe and rejects a matching sample arriving after the wait deadline (#764)  338ms

 Test Files  6 passed (6)
      Tests  77 passed (77)
   Start at  14:08:16
   Duration  6.83s (transform 453ms, setup 262ms, import 326ms, tests 10.83s, environment 565ms)

