
> test
> vitest run --config packages/web/e2e/vitest.config.ts progressive-history.e2e.ts github-layout.e2e.ts github-states.e2e.ts task-views-layout.e2e.ts skills-update.e2e.ts -t loads exactly one page|consumes one upward intent|hands focus on.*1440|handoff fields usable at 1440.*light|refresh then settle as .*ready.*1440.*light|without cached boards.*long names.*1440.*light|renders GitHub.*loading.*light|persists column choices|shows the inherited global preference --reporter=verbose


 RUN  v4.1.10 /home/agent/projects/cezar/.ai/cezar/worktrees/d6e7f159-f1c6-45f4-87c6-500ec47ab925/packages/web/e2e

Preparing worktree (new branch 'cez/fixture-A')
Preparing worktree (new branch 'cez/fixture-B')
 ↓ |e2e| task-views-layout.e2e.ts > renders assigned task flows at 1440 Wide, 402 and 360 in both themes without page overflow
 ✓ |e2e| task-views-layout.e2e.ts > persists column choices, filters projects, and expands mobile resources through real controls 5320ms
 ↓ |e2e| task-views-layout.e2e.ts > keeps comparison selection behind confirmation and acknowledges a note through the API
 ↓ |e2e| task-views-layout.e2e.ts > renders loading, retryable error, and filtered-empty states in both themes and phone widths
 ✓ |e2e| github-states.e2e.ts > renders GitHub 'loading' in 'light' without losing navigation 10552ms
 ↓ |e2e| github-states.e2e.ts > renders GitHub 'loading' in 'dark' without losing navigation
 ↓ |e2e| github-states.e2e.ts > renders GitHub 'empty' in 'light' without losing navigation
 ↓ |e2e| github-states.e2e.ts > renders GitHub 'empty' in 'dark' without losing navigation
 ↓ |e2e| github-states.e2e.ts > renders GitHub 'error' in 'light' without losing navigation
 ↓ |e2e| github-states.e2e.ts > renders GitHub 'error' in 'dark' without losing navigation
 ↓ |e2e| progressive-history.e2e.ts > progressive long-session history > paints the current tail and docks without requesting an earlier page
 ✓ |e2e| progressive-history.e2e.ts > progressive long-session history > loads exactly one page, preserves the visible anchor, and bounds retained pages 9285ms
 ✓ |e2e| progressive-history.e2e.ts > progressive long-session history > consumes one upward intent without cascading while the boundary remains near 2484ms
 ↓ |e2e| progressive-history.e2e.ts > progressive long-session history > caps retained pages at five and jumps directly back to a fresh tail
 ↓ |e2e| progressive-history.e2e.ts > progressive long-session history > switches between cached and live-tail threads without a near-zero destination frame
 ↓ |e2e| progressive-history.e2e.ts > progressive long-session history > preserves a virtual history anchor behind the task prefix at 360px
 ↓ |e2e| progressive-history.e2e.ts > progressive long-session history > preserves a virtual history anchor behind the task prefix at 1440px
 ↓ |e2e| github-layout.e2e.ts > the GitHub tab against the live dry-run server > on desktop hides the GitHub title then scrolls list and detail independently (#523), height 900
 ↓ |e2e| github-layout.e2e.ts > the GitHub tab against the live dry-run server > on desktop hides the GitHub title then scrolls list and detail independently (#523), height 540
 ↓ |e2e| github-layout.e2e.ts > the GitHub tab against the live dry-run server > lays out long issue and pull-request titles at the review viewports in both themes and densities
 ↓ |e2e| github-layout.e2e.ts > puts Runner, Model and Effort on one row on a wide handoff panel, light (#724)
 ↓ |e2e| github-layout.e2e.ts > puts Runner, Model and Effort on one row on a wide handoff panel, dark (#724)
 ↓ |e2e| github-layout.e2e.ts > puts Runner and Effort over a full-width Model on a phone handoff panel, light (#724)
 ↓ |e2e| github-layout.e2e.ts > puts Runner and Effort over a full-width Model on a phone handoff panel, dark (#724)
 ↓ |e2e| github-layout.e2e.ts > compacts the row when the handoff box is under 550px on a desktop-sized viewport, light (#724)
 ↓ |e2e| github-layout.e2e.ts > compacts the row when the handoff box is under 550px on a desktop-sized viewport, dark (#724)
 ✓ |e2e| github-layout.e2e.ts > keeps handoff fields usable at 1440 / 'light' 1565ms
 ↓ |e2e| github-layout.e2e.ts > keeps handoff fields usable at 1440 / 'dark'
 ↓ |e2e| github-layout.e2e.ts > keeps handoff fields usable at 402 / 'light'
 ↓ |e2e| github-layout.e2e.ts > keeps handoff fields usable at 402 / 'dark'
 ↓ |e2e| github-layout.e2e.ts > keeps handoff fields usable at 360 / 'light'
 ↓ |e2e| github-layout.e2e.ts > keeps handoff fields usable at 360 / 'dark'
 ✓ |e2e| github-layout.e2e.ts > keeps filter geometry still while project boards refresh then settle as 'ready' at 1440 / 'light' (#721) 1478ms
 ↓ |e2e| github-layout.e2e.ts > keeps filter geometry still while project boards refresh then settle as 'unavailable' at 1440 / 'light' (#721)
 ↓ |e2e| github-layout.e2e.ts > keeps filter geometry still while project boards refresh then settle as 'ready' at 1440 / 'dark' (#721)
 ↓ |e2e| github-layout.e2e.ts > keeps filter geometry still while project boards refresh then settle as 'unavailable' at 1440 / 'dark' (#721)
 ↓ |e2e| github-layout.e2e.ts > keeps filter geometry still while project boards refresh then settle as 'ready' at 360 / 'light' (#721)
 ↓ |e2e| github-layout.e2e.ts > keeps filter geometry still while project boards refresh then settle as 'unavailable' at 360 / 'light' (#721)
 ↓ |e2e| github-layout.e2e.ts > keeps filter geometry still while project boards refresh then settle as 'ready' at 360 / 'dark' (#721)
 ↓ |e2e| github-layout.e2e.ts > keeps filter geometry still while project boards refresh then settle as 'unavailable' at 360 / 'dark' (#721)
 ↓ |e2e| github-layout.e2e.ts > keeps filter geometry still without cached boards, settling as 'unavailable' at 1440 / 'light' (#721)
 ✓ |e2e| github-layout.e2e.ts > keeps filter geometry still without cached boards, settling as 'long names' at 1440 / 'light' (#721) 1515ms
 ↓ |e2e| github-layout.e2e.ts > keeps filter geometry still without cached boards, settling as 'unavailable' at 1440 / 'dark' (#721)
 ↓ |e2e| github-layout.e2e.ts > keeps filter geometry still without cached boards, settling as 'long names' at 1440 / 'dark' (#721)
 ↓ |e2e| github-layout.e2e.ts > keeps filter geometry still without cached boards, settling as 'unavailable' at 360 / 'light' (#721)
 ↓ |e2e| github-layout.e2e.ts > keeps filter geometry still without cached boards, settling as 'long names' at 360 / 'light' (#721)
 ↓ |e2e| github-layout.e2e.ts > keeps filter geometry still without cached boards, settling as 'unavailable' at 360 / 'dark' (#721)
 ↓ |e2e| github-layout.e2e.ts > keeps filter geometry still without cached boards, settling as 'long names' at 360 / 'dark' (#721)
 ✓ |e2e| github-layout.e2e.ts > hands focus on from the closed status button but leaves other focus alone at 1440 ('status button') (#721) 984ms
 ✓ |e2e| github-layout.e2e.ts > hands focus on from the closed status button but leaves other focus alone at 1440 ('search') (#721) 1026ms
 ↓ |e2e| github-layout.e2e.ts > hands focus on from the closed status button but leaves other focus alone at 360 ('status button') (#721)
 ↓ |e2e| github-layout.e2e.ts > hands focus on from the closed status button but leaves other focus alone at 360 ('search') (#721)
 ✓ |e2e| skills-update.e2e.ts > automatic Open Mercato skills updates > shows the inherited global preference and persists an explicit override 687ms
 ↓ |e2e| skills-update.e2e.ts > automatic Open Mercato skills updates > keeps the navigation marker absent for the dry-run current state
 ↓ |e2e| skills-update.e2e.ts > automatic Open Mercato skills updates > renders dry-run update success and the upgrade-notes hand-off
 ↓ |e2e| skills-update.e2e.ts > automatic Open Mercato skills updates > keeps Skills reachable in mobile navigation without a false marker
 ↓ |e2e| skills-update.e2e.ts > automatic Open Mercato skills updates > preserves tracked checkpoints while producing fresh QA screenshots

 Test Files  5 passed (5)
      Tests  10 passed | 47 skipped (57)
   Start at  14:04:29
   Duration  42.37s (transform 186ms, setup 103ms, import 190ms, tests 41.37s, environment 0ms)

