
> test
> vitest run packages/web/src/test/visual-ready.test.ts -t holds layout around a spinner


 RUN  v4.1.10 /home/agent/projects/cezar/.ai/cezar/worktrees/d6e7f159-f1c6-45f4-87c6-500ec47ab925

 ❯ |web| src/test/visual-ready.test.ts (3 tests | 1 failed | 2 skipped) 34ms
   ↓ waits for the target, intended appearance and fonts rather than just elapsed time
   ↓ waits out finite animations but permits a deliberately held request and infinite spinners
   × holds layout around a spinner without requiring its intentionally moving ink to stop 32ms

⎯⎯⎯⎯⎯⎯⎯ Failed Tests 1 ⎯⎯⎯⎯⎯⎯⎯

 FAIL  |web| src/test/visual-ready.test.ts > holds layout around a spinner without requiring its intentionally moving ink to stop
AssertionError: expected { boxes: [ …(6) ], …(3) } to deeply equal { boxes: [ …(6) ], …(3) }

- Expected
+ Received

@@ -5,17 +5,17 @@
        0,
        20,
        20,
      ],
      [
-       2,
+       0,
        0,
        20,
        20,
      ],
      [
-       3,
+       1,
        0,
        20,
        20,
      ],
      [

 ❯ src/test/visual-ready.test.ts:42:20
     40|     return this.matches('.spinner') ? [{ playState: 'running', effect:…
     41|   })
     42|   expect(sample()).toEqual(sample())
       |                    ^
     43| })
     44|

⎯⎯⎯⎯⎯⎯⎯⎯⎯⎯⎯⎯⎯⎯⎯⎯⎯⎯⎯⎯⎯⎯⎯⎯[1/1]⎯


 Test Files  1 failed (1)
      Tests  1 failed | 2 skipped (3)
   Start at  14:00:03
   Duration  773ms (transform 44ms, setup 49ms, import 10ms, tests 34ms, environment 546ms)

