
> test
> vitest run packages/web/src/test/e2e-wait-discipline.test.ts packages/web/src/test/agent-browser-wait-value.test.ts packages/web/src/test/visual-ready.test.ts packages/web/src/routes/task-thread/thread-scroll.test.ts


 RUN  v4.1.10 /home/agent/projects/cezar/.ai/cezar/worktrees/d6e7f159-f1c6-45f4-87c6-500ec47ab925

 ✓ |web| src/routes/task-thread/thread-scroll.test.ts (21 tests) 11ms
 ✓ |web| src/test/visual-ready.test.ts (3 tests) 31ms
 ✓ |web| src/test/e2e-wait-discipline.test.ts (30 tests) 960ms
     ✓ has no wait-discipline site outside the baseline, and the baseline names no site that is gone  423ms
 ✓ |web| src/test/agent-browser-wait-value.test.ts (14 tests) 6897ms
     ✓ a predicate that flips inside the hold window fails the wait, not a later expect  651ms
     ✓ polls evaluate until the matcher passes and returns that sample  451ms
     ✓ without a matcher, waits for a value that is not null, undefined or false  451ms
     ✓ a value that never matches fails through the failure bundle, naming the last sample  633ms
     ✓ a sample that kept throwing reports the page error instead of a value  633ms
     ✓ reads scroll, hit-test and point in one polled expression, then moves the pointer once  565ms
     ✓ a target that never paints a hit-testable point fails naming the selector and the bundle  689ms
     ✓ focuses the visible predecessor, presses Tab, and waits for focus to land on the target  440ms
     ✓ names the element that took focus when the target never receives it  756ms
     ✓ a target with no visible predecessor fails after polling, naming the selector  613ms
   ✓ bounds the CLI probe and rejects a matching sample arriving after the wait deadline (#764)  309ms

 Test Files  4 passed (4)
      Tests  68 passed (68)
   Start at  16:35:28
   Duration  7.19s (transform 239ms, setup 147ms, import 180ms, tests 7.90s, environment 577ms)

