✔ a tick stays numeric when its writer is killed between truncation and content write (53.367193ms)
✖ cancelling a missing tick observation reaps its child and removes its fixture (1007.441087ms)
ℹ tests 2
ℹ suites 0
ℹ pass 1
ℹ fail 1
ℹ cancelled 0
ℹ skipped 0
ℹ todo 0
ℹ duration_ms 1228.846649

✖ failing tests:

test at packages/cezar/test/e2e/tick-writer.test.ts:13:226
✖ cancelling a missing tick observation reaps its child and removes its fixture (1007.441087ms)
  AssertionError [ERR_ASSERTION]: The input did not match the regular expression /observation cancelled/. Input:
  
  'Error: cancellation did not settle'
  
      at async TestContext.<anonymous> (/home/agent/projects/cezar/.ai/cezar/worktrees/d6e7f159-f1c6-45f4-87c6-500ec47ab925/packages/cezar/test/e2e/tick-writer.test.ts:42:5)
      at async Test.run (node:internal/test_runner/test:1409:7)
      at async Test.processPendingSubtests (node:internal/test_runner/test:974:7) {
    generatedMessage: true,
    code: 'ERR_ASSERTION',
    actual: Error: cancellation did not settle
        at Timeout.<anonymous> (/home/agent/projects/cezar/.ai/cezar/worktrees/d6e7f159-f1c6-45f4-87c6-500ec47ab925/packages/cezar/test/e2e/tick-writer.test.ts:41:92)
        at listOnTimeout (node:internal/timers:685:17)
        at process.processTimers (node:internal/timers:618:7),
    expected: /observation cancelled/,
    operator: 'rejects',
    diff: 'simple'
  }
