✖ a tick stays numeric when its writer is killed between truncation and content write (63.043873ms)
✔ cancelling a missing tick observation reaps its child and removes its fixture (4.570692ms)
ℹ tests 2
ℹ suites 0
ℹ pass 1
ℹ fail 1
ℹ cancelled 0
ℹ skipped 0
ℹ todo 0
ℹ duration_ms 247.530631

✖ failing tests:

test at packages/cezar/test/e2e/tick-writer.test.ts:1:269
✖ a tick stays numeric when its writer is killed between truncation and content write (63.043873ms)
  AssertionError [ERR_ASSERTION]: last committed tick survives interrupted write
      at TestContext.<anonymous> (/home/agent/projects/cezar/.ai/cezar/worktrees/d6e7f159-f1c6-45f4-87c6-500ec47ab925/packages/cezar/test/e2e/tick-writer.test.ts:26:10)
      at async Test.run (node:internal/test_runner/test:1409:7)
      at async startSubtestAfterBootstrap (node:internal/test_runner/harness:387:3) {
    generatedMessage: false,
    code: 'ERR_ASSERTION',
    actual: '',
    expected: /^\d+$/,
    operator: 'match',
    diff: 'simple'
  }
