
> test
> vitest run --config packages/web/e2e/vitest.config.ts progressive-history.e2e.ts -t loads exactly one page|consumes one upward intent --reporter=verbose


 RUN  v4.1.10 /home/agent/projects/cezar/.ai/cezar/worktrees/d6e7f159-f1c6-45f4-87c6-500ec47ab925/packages/web/e2e

 ↓ |e2e| progressive-history.e2e.ts > progressive long-session history > paints the current tail and docks without requesting an earlier page
 ↓ |e2e| progressive-history.e2e.ts > progressive long-session history > loads exactly one page, preserves the visible anchor, and bounds retained pages
 ↓ |e2e| progressive-history.e2e.ts > progressive long-session history > consumes one upward intent without cascading while the boundary remains near
 ↓ |e2e| progressive-history.e2e.ts > progressive long-session history > caps retained pages at five and jumps directly back to a fresh tail
 ↓ |e2e| progressive-history.e2e.ts > progressive long-session history > switches between cached and live-tail threads without a near-zero destination frame
 ↓ |e2e| progressive-history.e2e.ts > progressive long-session history > preserves a virtual history anchor behind the task prefix at 360px
 ↓ |e2e| progressive-history.e2e.ts > progressive long-session history > preserves a virtual history anchor behind the task prefix at 1440px

⎯⎯⎯⎯⎯⎯ Failed Suites 1 ⎯⎯⎯⎯⎯⎯⎯

 FAIL  |e2e| progressive-history.e2e.ts [ progressive-history.e2e.ts ]
Error: cezar e2e: run cccccccc-1111-4222-8333-dddddddddddd never reached status "review" at http://localhost:44711/api/v1/runs/cccccccc-1111-4222-8333-dddddddddddd (last state: waiting)
 ❯ pollFor poll.ts:68:38
     66|   // Diagnostics must not hang after the poll exhausted its budget eit…
     67|   const reason = await boundedProbe(signal => fail(signal), Math.max(1…
     68|   if (lastError === undefined) throw new Error(reason)
       |                                      ^
     69|   const detail = lastError instanceof Error ? lastError.message : Stri…
     70|   throw new Error(`${reason} (last probe error: ${detail})`, { cause: …
 ❯ progressive-history.e2e.ts:291:3

⎯⎯⎯⎯⎯⎯⎯⎯⎯⎯⎯⎯⎯⎯⎯⎯⎯⎯⎯⎯⎯⎯⎯⎯[1/1]⎯


 Test Files  1 failed (1)
      Tests  7 skipped (7)
   Start at  14:36:28
   Duration  62.64s (transform 52ms, setup 38ms, import 43ms, tests 62.38s, environment 0ms)

