
> build
> npm run build:server && npm run build:web && npm run check:pack


> build:server
> npm run build -w @wjarka/cezarion


> @wjarka/cezarion@0.15.1 prebuild
> node scripts/sync-readme.mjs


> @wjarka/cezarion@0.15.1 build
> tsc


> @wjarka/cezarion@0.15.1 postbuild
> node scripts/inline-contract.mjs

inline-contract ok — contract bundled with declarations, 85 file(s) repointed

> build:web
> npm run build -w @open-mercato/cezar-web


> @open-mercato/cezar-web@0.15.1 build
> vite build

vite v8.1.4 building client environment for production...
[2Ktransforming...✓ 2690 modules transformed.
rendering chunks...
computing gzip size...
../cezar/web/dist/.cez-e2e-build                                                0.00 kB
../cezar/web/dist/index.html                                                    5.30 kB │ gzip:   1.77 kB
../cezar/web/dist/assets/poppins-latin-ext-500-normal-CK-6C4Hw.woff2            5.48 kB
../cezar/web/dist/assets/poppins-latin-ext-600-normal-CAhIAdZj.woff2            5.52 kB
../cezar/web/dist/assets/poppins-latin-ext-400-normal-by3JarPu.woff2            5.64 kB
../cezar/web/dist/assets/poppins-latin-ext-500-normal-CgAe2rWW.woff             7.37 kB
../cezar/web/dist/assets/poppins-latin-ext-600-normal-Df5ffKXP.woff             7.43 kB
../cezar/web/dist/assets/poppins-latin-ext-400-normal-DaBSavcJ.woff             7.46 kB
../cezar/web/dist/assets/poppins-latin-500-normal-C8OXljZJ.woff2                7.74 kB
../cezar/web/dist/assets/poppins-latin-400-normal-cpxAROuN.woff2                7.88 kB
../cezar/web/dist/assets/poppins-latin-600-normal-zEkxB9Mr.woff2                8.00 kB
../cezar/web/dist/assets/poppins-latin-500-normal-DGXqpDMm.woff                10.37 kB
../cezar/web/dist/assets/poppins-latin-400-normal-BOb3E3N0.woff                10.53 kB
../cezar/web/dist/assets/poppins-latin-600-normal-BJdTmd5m.woff                10.60 kB
../cezar/web/dist/assets/jetbrains-mono-latin-ext-wght-normal-DBQx-q_a.woff2   15.19 kB
../cezar/web/dist/assets/poppins-devanagari-500-normal-BIdkeU1p.woff2          39.08 kB
../cezar/web/dist/assets/poppins-devanagari-600-normal-STEjXBNN.woff2          39.29 kB
../cezar/web/dist/assets/poppins-devanagari-400-normal-CJDn6rn8.woff2          39.66 kB
../cezar/web/dist/assets/jetbrains-mono-latin-wght-normal-B9CIFXIH.woff2       40.40 kB
../cezar/web/dist/assets/poppins-devanagari-500-normal-DMPDjHtT.woff           52.42 kB
../cezar/web/dist/assets/poppins-devanagari-600-normal-ClASKHrr.woff           52.56 kB
../cezar/web/dist/assets/poppins-devanagari-400-normal-CqVvlrh5.woff           52.98 kB
../cezar/web/dist/assets/repo-git-CoKp-g9K.css                                  0.32 kB │ gzip:   0.20 kB
../cezar/web/dist/assets/github-sidebar-model-DhlgsYx4.css                      1.50 kB │ gzip:   0.42 kB
../cezar/web/dist/assets/run-header-8GObNx6F.css                                2.89 kB │ gzip:   0.85 kB
../cezar/web/dist/assets/task-thread-Bw_nQuTx.css                               5.11 kB │ gzip:   1.20 kB
../cezar/web/dist/assets/use-hand-to-agent-state-BLIGmwbd.css                   5.97 kB │ gzip:   1.43 kB
../cezar/web/dist/assets/skills-workflows-BGjwFG-s.css                         12.96 kB │ gzip:   2.56 kB
../cezar/web/dist/assets/index-BxBfGXws.css                                   194.34 kB │ gzip:  32.72 kB
../cezar/web/dist/assets/mermaid-GHXKKRXX-C4jxqUUb.js                           0.07 kB │ gzip:   0.08 kB
../cezar/web/dist/assets/chevron-right-BENZ-1ZN.js                              0.13 kB │ gzip:   0.14 kB
../cezar/web/dist/assets/info-DA1x_4bz.js                                       0.20 kB │ gzip:   0.17 kB
../cezar/web/dist/assets/search-x-I9Q8pgUa.js                                   0.25 kB │ gzip:   0.20 kB
../cezar/web/dist/assets/agent-accounts-BtK7WN97.js                             0.34 kB │ gzip:   0.25 kB
../cezar/web/dist/assets/use-submit-shortcut-KWJsC906.js                        0.37 kB │ gzip:   0.26 kB
../cezar/web/dist/assets/use-desktop-BaYgO7YW.js                                0.47 kB │ gzip:   0.27 kB
../cezar/web/dist/assets/highlighted-body-OFNGDK62-BL-MfFgl.js                  0.57 kB │ gzip:   0.38 kB
../cezar/web/dist/assets/rolldown-runtime-QTnfLwEv.js                           0.69 kB │ gzip:   0.42 kB
../cezar/web/dist/assets/token-metrics-DqJcmW1l.js                              0.85 kB │ gzip:   0.51 kB
../cezar/web/dist/assets/tab-link-DCaKRHZG.js                                   0.91 kB │ gzip:   0.56 kB
../cezar/web/dist/assets/image-preview-DJ8cgb1Z.js                              0.93 kB │ gzip:   0.54 kB
../cezar/web/dist/assets/skill-empty-hint-oOtzR3v0.js                           0.95 kB │ gzip:   0.45 kB
../cezar/web/dist/assets/zoomable-image-CDmZ_Rtl.js                             0.99 kB │ gzip:   0.60 kB
../cezar/web/dist/assets/diff-stat-BKDCSVfJ.js                                  1.03 kB │ gzip:   0.63 kB
../cezar/web/dist/assets/createLucideIcon-BHp8sXmF.js                           1.43 kB │ gzip:   0.80 kB
../cezar/web/dist/assets/format-Dvm1b9RE.js                                     1.78 kB │ gzip:   0.88 kB
../cezar/web/dist/assets/diff-controls-BKlCcvEB.js                              2.07 kB │ gzip:   0.94 kB
../cezar/web/dist/assets/nav-row-styles-3j64kH5s.js                             2.15 kB │ gzip:   0.83 kB
../cezar/web/dist/assets/diff-woXpYk--.js                                       2.56 kB │ gzip:   0.68 kB
../cezar/web/dist/assets/skills-DFBiAuJG.js                                     2.61 kB │ gzip:   1.11 kB
../cezar/web/dist/assets/json-qhed-kSA.js                                       2.81 kB │ gzip:   0.77 kB
../cezar/web/dist/assets/textarea-CISVdUXH.js                                   3.03 kB │ gzip:   1.15 kB
../cezar/web/dist/assets/jsonc-CYpm1nAK.js                                      3.10 kB │ gzip:   0.78 kB
../cezar/web/dist/assets/diff-C0lEDlrN.js                                       3.56 kB │ gzip:   1.51 kB
../cezar/web/dist/assets/task-github-item-DjOhn_-H.js                           3.64 kB │ gzip:   1.70 kB
../cezar/web/dist/assets/highlighter-CdHqIwFr.js                                3.93 kB │ gzip:   1.61 kB
../cezar/web/dist/assets/markdown-DZDPcFzk.js                                   4.26 kB │ gzip:   2.08 kB
../cezar/web/dist/assets/toml-CcmNWLt0.js                                       6.41 kB │ gzip:   1.28 kB
../cezar/web/dist/assets/git-toolbar-BBOZ1v2y.js                                6.97 kB │ gzip:   2.62 kB
../cezar/web/dist/assets/compare-variants-DgNoHANM.js                           7.49 kB │ gzip:   2.80 kB
../cezar/web/dist/assets/task-changes-DPc_QirP.js                               7.83 kB │ gzip:   3.19 kB
../cezar/web/dist/assets/lib-BQXq3kEf.js                                        7.85 kB │ gzip:   4.03 kB
../cezar/web/dist/assets/task-commits-CMxbCVwa.js                               8.02 kB │ gzip:   2.91 kB
../cezar/web/dist/assets/run-diff-DxY6jcPx.js                                   8.10 kB │ gzip:   3.02 kB
../cezar/web/dist/assets/reference-chip-DOn0vrX9.js                             8.31 kB │ gzip:   3.40 kB
../cezar/web/dist/assets/yaml-rwi0_p6S.js                                      10.49 kB │ gzip:   2.26 kB
../cezar/web/dist/assets/status-dot-D5BtapyH.js                                11.24 kB │ gzip:   3.92 kB
../cezar/web/dist/assets/github-sidebar-model-X2PScbFc.js                      12.58 kB │ gzip:   4.81 kB
../cezar/web/dist/assets/diff-view-DDU3gqsw.js                                 14.62 kB │ gzip:   5.14 kB
../cezar/web/dist/assets/task-files-BhHAdWvd.js                                14.87 kB │ gzip:   4.92 kB
../cezar/web/dist/assets/rust-Cfkwpbl8.js                                      15.06 kB │ gzip:   2.71 kB
../cezar/web/dist/assets/mobile-run-bar-p7ILvqxM.js                            15.49 kB │ gzip:   6.59 kB
../cezar/web/dist/assets/skills-CwMhehGu.js                                    16.93 kB │ gzip:   5.28 kB
../cezar/web/dist/assets/lib-BxQXEXDF.js                                       19.06 kB │ gzip:   6.56 kB
../cezar/web/dist/assets/sql-BsFa4tDR.js                                       23.42 kB │ gzip:   7.45 kB
../cezar/web/dist/assets/sheet-xC5Z8BZR.js                                     23.79 kB │ gzip:   8.60 kB
../cezar/web/dist/assets/prompt-templates-ClW69Tq6.js                          28.04 kB │ gzip:  10.44 kB
../cezar/web/dist/assets/bundle-mjs-BT31bpU6.js                                29.40 kB │ gzip:   9.54 kB
../cezar/web/dist/assets/github-CZpeoy1U.js                                    30.61 kB │ gzip:  10.18 kB
../cezar/web/dist/assets/run-header-D7bcdoei.js                                30.73 kB │ gzip:   9.72 kB
../cezar/web/dist/assets/repo-git-ClcCEgMT.js                                  36.56 kB │ gzip:   9.96 kB
../cezar/web/dist/assets/use-hand-to-agent-state-doWYzn3C.js                   40.27 kB │ gzip:  11.67 kB
../cezar/web/dist/assets/shellscript-CLZ0U2zV.js                               41.47 kB │ gzip:   6.07 kB
../cezar/web/dist/assets/go-rLFTqkRN.js                                        46.81 kB │ gzip:   5.14 kB
../cezar/web/dist/assets/css-BsVw1vtW.js                                       49.03 kB │ gzip:  11.90 kB
../cezar/web/dist/assets/dropdown-menu-BrDnUKwc.js                             54.28 kB │ gzip:  17.64 kB
../cezar/web/dist/assets/html-BY76lXLH.js                                      57.24 kB │ gzip:  11.74 kB
../cezar/web/dist/assets/engine-javascript-FQvzRocB.js                         57.63 kB │ gzip:  20.18 kB
../cezar/web/dist/assets/markdown-BYOwaDjH.js                                  59.32 kB │ gzip:   5.66 kB
../cezar/web/dist/assets/python-gzcpVVnB.js                                    69.94 kB │ gzip:   9.09 kB
../cezar/web/dist/assets/workflows-Drdu8zup.js                                 75.89 kB │ gzip:  23.80 kB
../cezar/web/dist/assets/core-BCsw8oQw.js                                      93.03 kB │ gzip:  29.18 kB
../cezar/web/dist/assets/utils-fzNfbPzA.js                                    113.52 kB │ gzip:  30.66 kB
../cezar/web/dist/assets/task-thread-HCo0AOSI.js                              115.59 kB │ gzip:  34.13 kB
../cezar/web/dist/assets/javascript-BgS3c2Ky.js                               174.82 kB │ gzip:  16.62 kB
../cezar/web/dist/assets/tsx-udAQXfEw.js                                      175.52 kB │ gzip:  16.62 kB
../cezar/web/dist/assets/jsx-Bz0zcwM4.js                                      177.78 kB │ gzip:  16.71 kB
../cezar/web/dist/assets/typescript-bsJCZSQ-.js                               181.07 kB │ gzip:  16.23 kB
../cezar/web/dist/assets/react-runtime-CCIEwYL0.js                            189.64 kB │ gzip:  59.65 kB
../cezar/web/dist/assets/alert-dialog-CO_I5eep.js                             361.44 kB │ gzip: 101.16 kB
../cezar/web/dist/assets/index-BMp3kLK-.js                                    422.46 kB │ gzip: 113.91 kB
../cezar/web/dist/assets/chunk-BO2N2NFS-DE6qKn3r.js                           429.83 kB │ gzip: 130.15 kB

✓ built in 725ms

> check:pack
> npm run check:pack -w @wjarka/cezarion


> @wjarka/cezarion@0.15.1 check:pack
> node scripts/check-pack.mjs

check:pack ok — 743 files, 106 under web/dist (shell + assets present)
