
> test:package
> npm run test:package -w @wjarka/cezarion


> @wjarka/cezarion@0.15.1 test:package
> node --import ../../scripts/test-git-env.mjs --import tsx --test test/e2e/*.test.ts

✔ the cezarion alias imports a specifier the exports map exposes (79.887546ms)
✔ alias publication lag leaves the original npx command untouched (2557.919744ms)
✔ engine-incompatible advertised package is refused before touching the original (1810.159617ms)
✔ default alias npx 0.14.8 → 0.15.0 updates the original future command (3357.42598ms)
✔ default alias npx 1.0.0 → 2.0.0 updates the original future command (3089.723867ms)
✔ @wjarka/cezarion global promotion changes the original command used by future launches (2205.661229ms)
✔ cezarion global promotion changes the original command used by future launches (2335.795066ms)
✔ real global restart helper promotes after acknowledgement and boots on the same port (2284.559841ms)
✔ real global restart helper reaps new process and rolls back on wrong health (2334.650089ms)
✔ real npx restart helper promotes after acknowledgement and boots on the same port (2448.390433ms)
✔ real npx restart helper reaps new process and rolls back on wrong health (2703.024655ms)
✔ a queued helper rejects a stale claim before promotion (114.797716ms)
✔ a compromised installation lock cancels promotion before launch and retains recovery (63.41991ms)
✔ a SIGTERM-resistant promotion child is reaped before compromised-lock failure settles (3014.585867ms)
✔ a SIGTERM-resistant staging child is reaped before Apply settles (3008.545607ms)
✔ a compromised npx concurrency lock cancels promotion before launch (59.340236ms)
✔ an unrelated matching health occupant cannot satisfy owned listener proof (177.00386ms)
✔ built production CLI acknowledges its actual listener (ephemeral=false) (1203.115713ms)
✔ built production CLI acknowledges its actual listener (ephemeral=true) (1453.492034ms)
✔ copied detached helper acknowledges, then promotes and boots its owned child (438.326232ms)
✔ detached launcher rejects a helper that exits before acknowledgement (93.4995ms)
✔ detached helper does not acknowledge a stale durable claim (117.790704ms)
✔ helper preserves actual loopback endpoint 127.0.0.2 (rollback=false, rejecting proxy enabled) (202.104548ms)
✔ helper preserves actual loopback endpoint 127.0.0.2 (rollback=true, rejecting proxy enabled) (365.497265ms)
✔ helper preserves actual loopback endpoint ::1 (rollback=false, rejecting proxy enabled) (199.774288ms)
✔ helper preserves actual loopback endpoint ::1 (rollback=true, rejecting proxy enabled) (369.412131ms)
✔ hoisted global alias restores both packages and fresh launchers after promotion failure (432.924286ms)
✔ hoisted global alias restores both packages and fresh launchers after health failure (613.737071ms)
✔ cockpit ownership rejects live duplicates, recovers after death, and isolates repositories (6654.133977ms)
✔ built worker CLI runs without cez on PATH; headless provision stays local and exits cleanly (4579.703192ms)
✔ installed CLI completes owned-worker lifecycle with lost spawn reply and one slot (8467.814166ms)
✔ the build repointed something — otherwise every assertion below is vacuous (160.76163ms)
✔ the bundled contract ships declarations, not just JavaScript (140.402444ms)
✔ a repointed declaration type-checks with skipLibCheck OFF (1140.877058ms)
✔ the published contract and workflow share the document vocabulary at runtime (331.774944ms)
✔ the release tarball installs and runs the dry-run CLI workflow (17222.359764ms)
✔ dry-run publish stamps every manifest, pins each sibling exact, and emits the result JSON (1412.880975ms)
✔ OIDC without a token still forces a snapshot dry run (1281.491972ms)
✔ a missing NPM token forces a dry run instead of failing the job (1260.295919ms)
✔ the nightly channel stamps a dated version and publishes under the nightly tag (3199.035065ms)
✔ a nightly re-run stamps the attempt onto the version so it cannot collide (1143.372058ms)
✔ the same schedule event without the channel request publishes nothing (63.330953ms)
✔ a non-publishable event exits 0 without touching the manifests (72.0767ms)
✔ pack-only produces snapshot archives without publishing or running lifecycle scripts (881.774496ms)
✔ a patch bump stamps every manifest, keeps the caret ranges, and emits the version (1407.908146ms)
✔ a private package is stamped but never published (930.379206ms)
✔ the existing bump publishes the committed version verbatim (1304.362981ms)
✔ a missing NPM token forces a dry run instead of publishing (3153.551506ms)
✔ OIDC without a token does not force a dry run and does not pass --provenance (253.641672ms)
✔ a token publish from Actions still passes --provenance (247.642772ms)
✔ a mid-set collision skips the already-published name and publishes the rest (320.100098ms)
✔ a publish failure that is not already on the registry still aborts (296.611898ms)
✔ an unknown bump exits non-zero without touching the manifests (86.463985ms)
✔ an existing publication with different source is verified before finalization (199.980457ms)
✔ an existing publication with missing source is verified before finalization (221.29282ms)
✔ an existing publication with matching source is verified before finalization (427.978939ms)
✔ stops a child that handles SIGTERM (62.789443ms)
✔ kills and names a child that ignores SIGTERM (121.152888ms)
✔ returns when a child already exited from a signal (3.435883ms)
✔ built cez task drives a dry-run cockpit it discovers from the checkout (19629.939922ms)
✔ a tick stays numeric when its writer is killed between truncation and content write (79.715331ms)
✔ cancelling a missing tick observation reaps its child and removes its fixture (4.376826ms)
ℹ tests 62
ℹ suites 0
ℹ pass 62
ℹ fail 0
ℹ cancelled 0
ℹ skipped 0
ℹ todo 0
ℹ duration_ms 37408.659162
