
> typecheck
> npm run typecheck:web && npm run typecheck:contract && npm run typecheck:client && npm run typecheck:server


> typecheck:web
> npm run typecheck -w @open-mercato/cezar-web


> @open-mercato/cezar-web@0.15.1 pretypecheck
> npm run build -w @wjarka/cezarion


> @wjarka/cezarion@0.15.1 prebuild
> node scripts/sync-readme.mjs


> @wjarka/cezarion@0.15.1 build
> tsc


> @wjarka/cezarion@0.15.1 postbuild
> node scripts/inline-contract.mjs

inline-contract ok — contract bundled with declarations, 85 file(s) repointed

> @open-mercato/cezar-web@0.15.1 typecheck
> tsc --noEmit


> typecheck:contract
> npm run typecheck -w @open-mercato/cezar-contract


> @open-mercato/cezar-contract@0.15.1 typecheck
> tsc --noEmit -p tsconfig.test.json


> typecheck:client
> npm run typecheck -w @open-mercato/cezar-api-client


> @open-mercato/cezar-api-client@0.15.1 typecheck
> tsc --noEmit -p tsconfig.test.json


> typecheck:server
> npm run typecheck -w @wjarka/cezarion


> @wjarka/cezarion@0.15.1 typecheck
> tsc --noEmit -p tsconfig.test.json
