
> build:web
> npm run build -w @open-mercato/cezar-web


> @open-mercato/cezar-web@0.12.2 build
> vite build

vite v8.1.4 building client environment for production...
[2Ktransforming...✓ 2620 modules transformed.
rendering chunks...
computing gzip size...
../cezar/web/dist/index.html                                                    5.10 kB │ gzip:   1.72 kB
../cezar/web/dist/assets/poppins-latin-ext-500-normal-CK-6C4Hw.woff2            5.48 kB
../cezar/web/dist/assets/poppins-latin-ext-600-normal-CAhIAdZj.woff2            5.52 kB
../cezar/web/dist/assets/poppins-latin-ext-400-normal-by3JarPu.woff2            5.64 kB
../cezar/web/dist/assets/poppins-latin-ext-500-normal-CgAe2rWW.woff             7.37 kB
../cezar/web/dist/assets/poppins-latin-ext-600-normal-Df5ffKXP.woff             7.43 kB
../cezar/web/dist/assets/poppins-latin-ext-400-normal-DaBSavcJ.woff             7.46 kB
../cezar/web/dist/assets/poppins-latin-500-normal-C8OXljZJ.woff2                7.74 kB
../cezar/web/dist/assets/poppins-latin-400-normal-cpxAROuN.woff2                7.88 kB
../cezar/web/dist/assets/poppins-latin-600-normal-zEkxB9Mr.woff2                8.00 kB
../cezar/web/dist/assets/poppins-latin-500-normal-DGXqpDMm.woff                10.37 kB
../cezar/web/dist/assets/poppins-latin-400-normal-BOb3E3N0.woff                10.53 kB
../cezar/web/dist/assets/poppins-latin-600-normal-BJdTmd5m.woff                10.60 kB
../cezar/web/dist/assets/jetbrains-mono-latin-ext-wght-normal-DBQx-q_a.woff2   15.19 kB
../cezar/web/dist/assets/poppins-devanagari-500-normal-BIdkeU1p.woff2          39.08 kB
../cezar/web/dist/assets/poppins-devanagari-600-normal-STEjXBNN.woff2          39.29 kB
../cezar/web/dist/assets/poppins-devanagari-400-normal-CJDn6rn8.woff2          39.66 kB
../cezar/web/dist/assets/jetbrains-mono-latin-wght-normal-B9CIFXIH.woff2       40.40 kB
../cezar/web/dist/assets/poppins-devanagari-500-normal-DMPDjHtT.woff           52.42 kB
../cezar/web/dist/assets/poppins-devanagari-600-normal-ClASKHrr.woff           52.56 kB
../cezar/web/dist/assets/poppins-devanagari-400-normal-CqVvlrh5.woff           52.98 kB
../cezar/web/dist/assets/task-thread-DcyeykSD.css                               2.46 kB │ gzip:   0.78 kB
../cezar/web/dist/assets/github-DFyM12DM.css                                    4.06 kB │ gzip:   1.09 kB
../cezar/web/dist/assets/index-5oPK2X9g.css                                   145.65 kB │ gzip:  25.94 kB
../cezar/web/dist/assets/mermaid-GHXKKRXX-C4jxqUUb.js                           0.07 kB │ gzip:   0.08 kB
../cezar/web/dist/assets/chevron-right-BmitNcg3.js                              0.13 kB │ gzip:   0.14 kB
../cezar/web/dist/assets/arrow-up-C8i0sqIC.js                                   0.16 kB │ gzip:   0.16 kB
../cezar/web/dist/assets/arrow-down-B_Y3-azt.js                                 0.16 kB │ gzip:   0.16 kB
../cezar/web/dist/assets/arrow-left-BcDtOjzh.js                                 0.16 kB │ gzip:   0.16 kB
../cezar/web/dist/assets/search-DaDTp0jt.js                                     0.17 kB │ gzip:   0.16 kB
../cezar/web/dist/assets/ellipsis-CBl-T8DF.js                                   0.22 kB │ gzip:   0.16 kB
../cezar/web/dist/assets/upload-x5rGMy7B.js                                     0.23 kB │ gzip:   0.18 kB
../cezar/web/dist/assets/search-x-JrdrnD26.js                                   0.25 kB │ gzip:   0.19 kB
../cezar/web/dist/assets/file-jXhCmyQG.js                                       0.27 kB │ gzip:   0.20 kB
../cezar/web/dist/assets/refresh-cw-Cuh65Gc0.js                                 0.32 kB │ gzip:   0.22 kB
../cezar/web/dist/assets/use-submit-shortcut-KWJsC906.js                        0.37 kB │ gzip:   0.26 kB
../cezar/web/dist/assets/use-desktop-BaYgO7YW.js                                0.47 kB │ gzip:   0.27 kB
../cezar/web/dist/assets/git-pull-request-yF0Kqubm.js                           0.48 kB │ gzip:   0.30 kB
../cezar/web/dist/assets/trash-2-O82T0Nz9.js                                    0.51 kB │ gzip:   0.31 kB
../cezar/web/dist/assets/tab-link-CN8ZnbEk.js                                   0.53 kB │ gzip:   0.34 kB
../cezar/web/dist/assets/highlighted-body-OFNGDK62-BL-MfFgl.js                  0.57 kB │ gzip:   0.38 kB
../cezar/web/dist/assets/square-terminal-Nli5UQ5l.js                            0.58 kB │ gzip:   0.36 kB
../cezar/web/dist/assets/x-Bc5MAHNq.js                                          0.66 kB │ gzip:   0.35 kB
../cezar/web/dist/assets/rolldown-runtime-QTnfLwEv.js                           0.69 kB │ gzip:   0.42 kB
../cezar/web/dist/assets/image-preview-CMJ186Po.js                              0.93 kB │ gzip:   0.54 kB
../cezar/web/dist/assets/zoomable-image-CFpShb98.js                             1.00 kB │ gzip:   0.61 kB
../cezar/web/dist/assets/diff-stat-CcixK9de.js                                  1.00 kB │ gzip:   0.62 kB
../cezar/web/dist/assets/skill-empty-hint-BkSLh6nv.js                           1.17 kB │ gzip:   0.57 kB
../cezar/web/dist/assets/project-router-fUHIaA5F.js                             1.36 kB │ gzip:   0.69 kB
../cezar/web/dist/assets/pill-DFbuDWKR.js                                       1.72 kB │ gzip:   0.90 kB
../cezar/web/dist/assets/diff-controls-DFpzJoRX.js                              1.90 kB │ gzip:   0.91 kB
../cezar/web/dist/assets/skills-9oR_oHse.js                                     2.38 kB │ gzip:   1.05 kB
../cezar/web/dist/assets/collapsible-C3S62dyu.js                                2.50 kB │ gzip:   1.05 kB
../cezar/web/dist/assets/markdown-DfmuUwoP.js                                   2.55 kB │ gzip:   1.34 kB
../cezar/web/dist/assets/diff-woXpYk--.js                                       2.56 kB │ gzip:   0.68 kB
../cezar/web/dist/assets/commit-list-B7N1UzZk.js                                2.61 kB │ gzip:   1.28 kB
../cezar/web/dist/assets/json-qhed-kSA.js                                       2.81 kB │ gzip:   0.77 kB
../cezar/web/dist/assets/jsonc-CYpm1nAK.js                                      3.10 kB │ gzip:   0.78 kB
../cezar/web/dist/assets/textarea-BtiiJA7Q.js                                   3.15 kB │ gzip:   1.19 kB
../cezar/web/dist/assets/diff-B1kWzAag.js                                       3.54 kB │ gzip:   1.50 kB
../cezar/web/dist/assets/highlighter-CdHqIwFr.js                                3.93 kB │ gzip:   1.61 kB
../cezar/web/dist/assets/task-commits-DbzjD4Fq.js                               4.23 kB │ gzip:   1.68 kB
../cezar/web/dist/assets/run-diff-D7TscdIE.js                                   5.84 kB │ gzip:   2.22 kB
../cezar/web/dist/assets/toml-CcmNWLt0.js                                       6.41 kB │ gzip:   1.28 kB
../cezar/web/dist/assets/git-toolbar-D7JNH2te.js                                6.81 kB │ gzip:   2.52 kB
../cezar/web/dist/assets/compare-variants-BgUg2Qxm.js                           7.37 kB │ gzip:   2.81 kB
../cezar/web/dist/assets/popover-CfgzTfkx.js                                    7.46 kB │ gzip:   2.68 kB
../cezar/web/dist/assets/task-changes-BIB_t4V2.js                               7.80 kB │ gzip:   3.18 kB
../cezar/web/dist/assets/lib-BQXq3kEf.js                                        7.85 kB │ gzip:   4.03 kB
../cezar/web/dist/assets/yaml-rwi0_p6S.js                                      10.49 kB │ gzip:   2.26 kB
../cezar/web/dist/assets/task-files-1S_QNvOx.js                                10.93 kB │ gzip:   3.83 kB
../cezar/web/dist/assets/diff-view-BGlmZAXv.js                                 14.64 kB │ gzip:   5.15 kB
../cezar/web/dist/assets/rust-Cfkwpbl8.js                                      15.06 kB │ gzip:   2.71 kB
../cezar/web/dist/assets/repo-git-BQUM30NL.js                                  16.83 kB │ gzip:   5.43 kB
../cezar/web/dist/assets/skills-Cf8agJU5.js                                    17.50 kB │ gzip:   5.52 kB
../cezar/web/dist/assets/lib-BxQXEXDF.js                                       19.06 kB │ gzip:   6.56 kB
../cezar/web/dist/assets/editable-title-BG0jrkWc.js                            20.70 kB │ gzip:   8.41 kB
../cezar/web/dist/assets/prompt-templates-DSgW5aAJ.js                          23.23 kB │ gzip:   8.83 kB
../cezar/web/dist/assets/sql-BsFa4tDR.js                                       23.42 kB │ gzip:   7.45 kB
../cezar/web/dist/assets/thread-loading-DHdIdoTN.js                            23.45 kB │ gzip:   8.58 kB
../cezar/web/dist/assets/run-header-CGLMWbUu.js                                25.79 kB │ gzip:   8.19 kB
../cezar/web/dist/assets/bundle-mjs-BT31bpU6.js                                29.40 kB │ gzip:   9.54 kB
../cezar/web/dist/assets/shellscript-CLZ0U2zV.js                               41.47 kB │ gzip:   6.07 kB
../cezar/web/dist/assets/go-rLFTqkRN.js                                        46.81 kB │ gzip:   5.14 kB
../cezar/web/dist/assets/css-BsVw1vtW.js                                       49.03 kB │ gzip:  11.90 kB
../cezar/web/dist/assets/dropdown-menu-Z7MNhWXQ.js                             52.79 kB │ gzip:  17.58 kB
../cezar/web/dist/assets/github-Bp4-dysL.js                                    56.69 kB │ gzip:  16.18 kB
../cezar/web/dist/assets/html-BY76lXLH.js                                      57.24 kB │ gzip:  11.74 kB
../cezar/web/dist/assets/engine-javascript-FQvzRocB.js                         57.63 kB │ gzip:  20.18 kB
../cezar/web/dist/assets/markdown-BYOwaDjH.js                                  59.32 kB │ gzip:   5.66 kB
../cezar/web/dist/assets/python-gzcpVVnB.js                                    69.94 kB │ gzip:   9.09 kB
../cezar/web/dist/assets/workflows-CtcsQe0V.js                                 76.83 kB │ gzip:  24.22 kB
../cezar/web/dist/assets/task-thread-Cy6wdbyI.js                               82.77 kB │ gzip:  25.11 kB
../cezar/web/dist/assets/core-BCsw8oQw.js                                      93.03 kB │ gzip:  29.18 kB
../cezar/web/dist/assets/createLucideIcon-2RsQMmhy.js                         107.14 kB │ gzip:  29.00 kB
../cezar/web/dist/assets/javascript-BgS3c2Ky.js                               174.82 kB │ gzip:  16.62 kB
../cezar/web/dist/assets/alert-dialog-BdqXbULG.js                             175.11 kB │ gzip:  53.34 kB
../cezar/web/dist/assets/tsx-udAQXfEw.js                                      175.52 kB │ gzip:  16.62 kB
../cezar/web/dist/assets/jsx-Bz0zcwM4.js                                      177.78 kB │ gzip:  16.71 kB
../cezar/web/dist/assets/typescript-bsJCZSQ-.js                               181.07 kB │ gzip:  16.23 kB
../cezar/web/dist/assets/react-runtime-CCIEwYL0.js                            189.64 kB │ gzip:  59.65 kB
../cezar/web/dist/assets/index-DtzuE4l3.js                                    348.46 kB │ gzip:  92.05 kB
../cezar/web/dist/assets/chunk-BO2N2NFS-DE6qKn3r.js                           429.83 kB │ gzip: 130.15 kB

✓ built in 653ms
